
> nadhasahib@0.1.0 build
> next build

node.exe :  ΓÜá Warning: 
Next.js inferred your 
workspace root, but it may 
not be correct.
At line:1 char:1
+ & "C:\Program 
Files\nodejs/node.exe" "C:\U
sers\tanja\AppData\Roaming\ 
...
+ ~~~~~~~~~~~~~~~~~~~~~~~~~~
~~~~~~~~~~~~~~~~~~~~~~~~~~~~
~~~~~~~~~~~~~~~
    + CategoryInfo          
    : NotSpecified: ( ΓÜá   
  Warning: N...not be cor   
 rect.:String) [], Remot    
eException
    + FullyQualifiedErrorId 
    : NativeCommandError
 
 We detected multiple 
lockfiles and selected the 
directory of C:\Users\tanja\
Documents\package-lock.json 
as the root directory.
 To silence this warning, 
set `turbopack.root` in 
your Next.js config, or 
consider removing one of 
the lockfiles if it's not 
needed.
   See https://nextjs.org/do
cs/app/api-reference/config/
next-config-js/turbopack#roo
t-directory for more 
information.
 Detected additional 
lockfiles: 
   * C:\Users\tanja\Document
s\nadhasahib\package-lock.js
on

   Γû▓ Next.js 16.0.10 (Turbopack)
   - Experiments (use with caution):
     ┬╖ optimizePackageImports

   Creating an optimized production build ...

> Build error occurred
Error: Turbopack build 
failed with 2 errors:
./nadhasahib/src/app/categor
ies/[slug]/page.tsx:1:1
Module not found: Can't 
resolve 
'@/components/Header'
[0m[31m[1m>[22m[39m[90
m 1 |[39m [36mimport[39m 
[33mHeader[39m 
[36mfrom[39m [32m'@/compo
nents/Header'[39m[33m;[39
m
 [90m   |[39m [31m[1m^[
22m[39m[31m[1m^[22m[39m
[31m[1m^[22m[39m[31m[1
m^[22m[39m[31m[1m^[22m
[39m[31m[1m^[22m[39m[31
m[1m^[22m[39m[31m[1m^[
22m[39m[31m[1m^[22m[39m
[31m[1m^[22m[39m[31m[1
m^[22m[39m[31m[1m^[22m
[39m[31m[1m^[22m[39m[31
m[1m^[22m[39m[31m[1m^[
22m[39m[31m[1m^[22m[39m
[31m[1m^[22m[39m[31m[1
m^[22m[39m[31m[1m^[22m
[39m[31m[1m^[22m[39m[31
m[1m^[22m[39m[31m[1m^[
22m[39m[31m[1m^[22m[39m
[31m[1m^[22m[39m[31m[1
m^[22m[39m[31m[1m^[22m
[39m[31m[1m^[22m[39m[31
m[1m^[22m[39m[31m[1m^[
22m[39m[31m[1m^[22m[39m
[31m[1m^[22m[39m[31m[1
m^[22m[39m[31m[1m^[22m
[39m[31m[1m^[22m[39m[31
m[1m^[22m[39m[31m[1m^[
22m[39m[31m[1m^[22m[39m
[31m[1m^[22m[39m[31m[1
m^[22m[39m[31m[1m^[22m
[39m[31m[1m^[22m[39m
 [90m 2 |[39m 
[36mimport[39m 
[33mFooter[39m 
[36mfrom[39m [32m'@/compo
nents/Footer'[39m[33m;[39
m
 [90m 3 |[39m 
[36mimport[39m 
[33mProductCard[39m 
[36mfrom[39m [32m'@/compo
nents/ProductCard'[39m[33m
;[39m
 [90m 4 |[39m 
[36mimport[39m { 
getProductsByCategory } 
[36mfrom[39m [32m'@/utils
/mockData'[39m[33m;[39m[
0m

Import map: aliased to 
relative 
'./src/components/Header' 
inside of 
[project]/nadhasahib


https://nextjs.org/docs/mess
ages/module-not-found


./nadhasahib/src/app/product
/[slug]/page.tsx:1:1
Module not found: Can't 
resolve 
'@/components/Header'
[0m[31m[1m>[22m[39m[90
m 1 |[39m [36mimport[39m 
[33mHeader[39m 
[36mfrom[39m [32m'@/compo
nents/Header'[39m[33m;[39
m
 [90m   |[39m [31m[1m^[
22m[39m[31m[1m^[22m[39m
[31m[1m^[22m[39m[31m[1
m^[22m[39m[31m[1m^[22m
[39m[31m[1m^[22m[39m[31
m[1m^[22m[39m[31m[1m^[
22m[39m[31m[1m^[22m[39m
[31m[1m^[22m[39m[31m[1
m^[22m[39m[31m[1m^[22m
[39m[31m[1m^[22m[39m[31
m[1m^[22m[39m[31m[1m^[
22m[39m[31m[1m^[22m[39m
[31m[1m^[22m[39m[31m[1
m^[22m[39m[31m[1m^[22m
[39m[31m[1m^[22m[39m[31
m[1m^[22m[39m[31m[1m^[
22m[39m[31m[1m^[22m[39m
[31m[1m^[22m[39m[31m[1
m^[22m[39m[31m[1m^[22m
[39m[31m[1m^[22m[39m[31
m[1m^[22m[39m[31m[1m^[
22m[39m[31m[1m^[22m[39m
[31m[1m^[22m[39m[31m[1
m^[22m[39m[31m[1m^[22m
[39m[31m[1m^[22m[39m[31
m[1m^[22m[39m[31m[1m^[
22m[39m[31m[1m^[22m[39m
[31m[1m^[22m[39m[31m[1
m^[22m[39m[31m[1m^[22m
[39m[31m[1m^[22m[39m
 [90m 2 |[39m 
[36mimport[39m 
[33mFooter[39m 
[36mfrom[39m [32m'@/compo
nents/Footer'[39m[33m;[39
m
 [90m 3 |[39m 
[36mimport[39m { 
getProductById } 
[36mfrom[39m [32m'@/utils
/mockData'[39m[33m;[39m
 [90m 4 |[39m 
[36mimport[39m { notFound 
} [36mfrom[39m [32m'next/
navigation'[39m[33m;[39m
[0m

Import map: aliased to 
relative 
'./src/components/Header' 
inside of 
[project]/nadhasahib


https://nextjs.org/docs/mess
ages/module-not-found


    at <unknown> (./nadhasah
ib/src/app/categories/[slug]
/page.tsx:1:1)
    at <unknown> (https://ne
xtjs.org/docs/messages/modul
e-not-found)
    at <unknown> (./nadhasah
ib/src/app/product/[slug]/pa
ge.tsx:1:1)
    at <unknown> (https://ne
xtjs.org/docs/messages/modul
e-not-found)
